
=== Mobility-Greedy seed=1 ===
[Mobility-Greedy] round 1/15 acc=0.2221 cov=0.465 succ=71/71 (5s)
[Mobility-Greedy] round 5/15 acc=0.4700 cov=0.713 succ=60/60 (14s)
[Mobility-Greedy] round 10/15 acc=0.5236 cov=0.899 succ=67/68 (27s)
[Mobility-Greedy] round 15/15 acc=0.5326 cov=0.946 succ=49/51 (39s)

=== Mobility-Greedy seed=2 ===
[Mobility-Greedy] round 1/15 acc=0.2277 cov=0.358 succ=66/66 (3s)
[Mobility-Greedy] round 5/15 acc=0.4718 cov=0.619 succ=57/57 (14s)
[Mobility-Greedy] round 10/15 acc=0.5342 cov=0.828 succ=69/72 (26s)
[Mobility-Greedy] round 15/15 acc=0.5442 cov=0.918 succ=54/56 (38s)

=== Mobility-Greedy seed=3 ===
[Mobility-Greedy] round 1/15 acc=0.2413 cov=0.412 succ=70/70 (4s)
[Mobility-Greedy] round 5/15 acc=0.4866 cov=0.654 succ=57/57 (15s)
[Mobility-Greedy] round 10/15 acc=0.5482 cov=0.816 succ=71/74 (27s)
[Mobility-Greedy] round 15/15 acc=0.5590 cov=0.919 succ=58/59 (39s)

=== RECD nu0.3 h3 seed=1 ===
[RECD] round 1/15 acc=0.2352 cov=0.209 succ=36/37 (3s)
[RECD] round 5/15 acc=0.4863 cov=0.667 succ=45/49 (14s)
[RECD] round 10/15 acc=0.5273 cov=0.829 succ=65/66 (26s)
[RECD] round 15/15 acc=0.5321 cov=0.922 succ=42/44 (38s)

=== RECD nu0.3 h3 seed=2 ===
[RECD] round 1/15 acc=0.2220 cov=0.224 succ=40/41 (4s)
[RECD] round 5/15 acc=0.4745 cov=0.604 succ=47/51 (13s)
[RECD] round 10/15 acc=0.5236 cov=0.813 succ=65/66 (26s)
[RECD] round 15/15 acc=0.5437 cov=0.858 succ=43/46 (40s)

=== RECD nu0.3 h3 seed=3 ===
[RECD] round 1/15 acc=0.2591 cov=0.213 succ=40/41 (4s)
[RECD] round 5/15 acc=0.4938 cov=0.596 succ=47/50 (15s)
[RECD] round 10/15 acc=0.5510 cov=0.772 succ=62/62 (28s)
[RECD] round 15/15 acc=0.5624 cov=0.875 succ=45/45 (41s)

=== RECD nu1.5 h3 seed=1 ===
[RECD] round 1/15 acc=0.2386 cov=0.209 succ=36/37 (3s)
[RECD] round 5/15 acc=0.4748 cov=0.651 succ=46/50 (13s)
[RECD] round 10/15 acc=0.5230 cov=0.814 succ=64/66 (25s)
[RECD] round 15/15 acc=0.5243 cov=0.915 succ=42/43 (38s)

=== RECD nu1.5 h3 seed=2 ===
[RECD] round 1/15 acc=0.2433 cov=0.231 succ=40/41 (4s)
[RECD] round 5/15 acc=0.4775 cov=0.597 succ=47/51 (14s)
[RECD] round 10/15 acc=0.5244 cov=0.806 succ=65/66 (28s)
[RECD] round 15/15 acc=0.5462 cov=0.843 succ=43/46 (40s)

=== RECD nu1.5 h3 seed=3 ===
[RECD] round 1/15 acc=0.2486 cov=0.221 succ=40/41 (4s)
[RECD] round 5/15 acc=0.4856 cov=0.588 succ=47/50 (14s)
[RECD] round 10/15 acc=0.5474 cov=0.779 succ=62/63 (27s)
[RECD] round 15/15 acc=0.5625 cov=0.853 succ=45/45 (39s)

=== RECD nu3.0 h6 seed=1 ===
[RECD] round 1/15 acc=0.2375 cov=0.209 succ=36/37 (4s)
[RECD] round 5/15 acc=0.4720 cov=0.651 succ=47/52 (14s)
[RECD] round 10/15 acc=0.5204 cov=0.829 succ=66/68 (27s)
[RECD] round 15/15 acc=0.5378 cov=0.922 succ=43/45 (40s)

=== RECD nu3.0 h6 seed=2 ===
[RECD] round 1/15 acc=0.2452 cov=0.216 succ=40/41 (4s)
[RECD] round 5/15 acc=0.4732 cov=0.597 succ=47/51 (14s)
[RECD] round 10/15 acc=0.5520 cov=0.799 succ=65/66 (26s)
[RECD] round 15/15 acc=0.5600 cov=0.851 succ=43/46 (39s)

=== RECD nu3.0 h6 seed=3 ===
[RECD] round 1/15 acc=0.2498 cov=0.221 succ=40/41 (4s)
[RECD] round 5/15 acc=0.5045 cov=0.588 succ=50/52 (15s)
[RECD] round 10/15 acc=0.5490 cov=0.787 succ=65/66 (27s)
[RECD] round 15/15 acc=0.5648 cov=0.875 succ=48/48 (40s)

===== HAR sparse (R=100, rounds=15, max_out=2), starve20%, 3 seeds =====
condition           acc_all  acc_starved   ±sd   jain firstRecv    cov
Mobility-Greedy        54.5         30.9   2.9  0.759      3.03   0.93
RECD nu0.3 h3          54.6         28.7   1.3  0.693      3.59   0.89
RECD nu1.5 h3          54.4         29.8   0.4  0.684      3.50   0.87
RECD nu3.0 h6          55.4         30.6   3.1  0.690      3.69   0.88

saved results/diag_roadaware.json
