25 jobs, 4 workers, 100 rounds, trace=realSF_n60
[21:39:03] enc_Local_realSF_n60_s1 rc=0 (707s)
[21:39:26] enc_Local_realSF_n60_s2 rc=0 (729s)
[21:40:17] enc_Local_realSF_n60_s3 rc=0 (781s)
[21:38:01] enc_Local_realSF_n60_s4 rc=0 (644s)
[21:49:56] enc_Local_realSF_n60_s5 rc=0 (715s)
[21:52:01] enc_RECD_realSF_n60_s1 rc=0 (778s)
[21:52:47] enc_RECD_realSF_n60_s2 rc=0 (801s)
[21:54:23] enc_RECD_realSF_n60_s3 rc=0 (845s)
[22:01:53] enc_RECD_realSF_n60_s4 rc=0 (717s)
[22:05:12] enc_RECD_realSF_n60_s5 rc=0 (791s)
[22:05:24] enc_DFL-Gossip_realSF_n60_s1 rc=0 (758s)
[22:07:27] enc_DFL-Gossip_realSF_n60_s2 rc=0 (784s)
[22:16:07] enc_DFL-Gossip_realSF_n60_s3 rc=0 (854s)
[22:17:03] enc_DFL-Gossip_realSF_n60_s4 rc=0 (711s)
[22:18:32] enc_DFL-Gossip_realSF_n60_s5 rc=0 (788s)
[22:20:20] enc_LRU-Random_realSF_n60_s1 rc=0 (773s)
[22:29:18] enc_LRU-Random_realSF_n60_s2 rc=0 (791s)
[22:30:59] enc_LRU-Random_realSF_n60_s3 rc=0 (836s)
[22:30:15] enc_LRU-Random_realSF_n60_s4 rc=0 (703s)
[22:33:21] enc_LRU-Random_realSF_n60_s5 rc=0 (781s)
[22:42:28] enc_Mobility-Greedy_realSF_n60_s1 rc=0 (790s)
[22:43:53] enc_Mobility-Greedy_realSF_n60_s2 rc=0 (819s)
[22:45:27] enc_Mobility-Greedy_realSF_n60_s3 rc=0 (868s)
[22:45:25] enc_Mobility-Greedy_realSF_n60_s4 rc=0 (724s)
[22:53:26] enc_Mobility-Greedy_realSF_n60_s5 rc=0 (658s)
done: encoder study complete
