25 jobs, 6 workers, 100 rounds, fmnist-complementary, gated
[09:56:50] encc_Local_realSF_n60_s1 rc=0 (573s)
[09:57:13] encc_Local_realSF_n60_s2 rc=0 (595s)
[09:57:16] encc_Local_realSF_n60_s3 rc=0 (599s)
[09:56:57] encc_Local_realSF_n60_s4 rc=0 (579s)
[09:57:00] encc_Local_realSF_n60_s5 rc=0 (583s)
[09:58:25] encc_RECD_realSF_n60_s1 rc=0 (668s)
[10:08:21] encc_RECD_realSF_n60_s2 rc=0 (692s)
[10:08:21] encc_RECD_realSF_n60_s3 rc=0 (685s)
[10:08:00] encc_RECD_realSF_n60_s4 rc=0 (660s)
[10:08:28] encc_RECD_realSF_n60_s5 rc=0 (675s)
[10:07:56] encc_DFL-Gossip_realSF_n60_s1 rc=0 (640s)
[10:09:40] encc_DFL-Gossip_realSF_n60_s2 rc=0 (675s)
[10:19:29] encc_DFL-Gossip_realSF_n60_s3 rc=0 (693s)
[10:19:25] encc_DFL-Gossip_realSF_n60_s4 rc=0 (684s)
[10:19:48] encc_DFL-Gossip_realSF_n60_s5 rc=0 (687s)
[10:19:33] encc_LRU-Random_realSF_n60_s1 rc=0 (671s)
[10:20:05] encc_LRU-Random_realSF_n60_s2 rc=0 (697s)
[10:21:25] encc_LRU-Random_realSF_n60_s3 rc=0 (704s)
[10:30:34] encc_LRU-Random_realSF_n60_s4 rc=0 (669s)
[10:30:38] encc_LRU-Random_realSF_n60_s5 rc=0 (670s)
[10:31:02] encc_Mobility-Greedy_realSF_n60_s1 rc=0 (690s)
[10:31:44] encc_Mobility-Greedy_realSF_n60_s2 rc=0 (716s)
[10:32:00] encc_Mobility-Greedy_realSF_n60_s3 rc=0 (715s)
[10:32:34] encc_Mobility-Greedy_realSF_n60_s4 rc=0 (669s)
[10:38:12] encc_Mobility-Greedy_realSF_n60_s5 rc=0 (458s)
done: complementary study complete
