25 jobs, 4 workers, 100 rounds, trace=realSF_n60
[23:12:02] encg_Local_realSF_n60_s1 rc=0 (704s)
[23:12:30] encg_Local_realSF_n60_s2 rc=0 (732s)
[23:13:14] encg_Local_realSF_n60_s3 rc=0 (776s)
[23:11:01] encg_Local_realSF_n60_s4 rc=0 (643s)
[23:23:01] encg_Local_realSF_n60_s5 rc=0 (720s)
[23:25:14] encg_RECD_realSF_n60_s1 rc=0 (792s)
[23:26:04] encg_RECD_realSF_n60_s2 rc=0 (814s)
[23:27:40] encg_RECD_realSF_n60_s3 rc=0 (865s)
[23:35:42] encg_RECD_realSF_n60_s4 rc=0 (761s)
[23:38:50] encg_RECD_realSF_n60_s5 rc=0 (816s)
[23:39:18] encg_DFL-Gossip_realSF_n60_s1 rc=0 (794s)
[23:41:11] encg_DFL-Gossip_realSF_n60_s2 rc=0 (812s)
[23:50:33] encg_DFL-Gossip_realSF_n60_s3 rc=0 (891s)
[23:51:22] encg_DFL-Gossip_realSF_n60_s4 rc=0 (753s)
[23:52:55] encg_DFL-Gossip_realSF_n60_s5 rc=0 (817s)
[23:54:37] encg_LRU-Random_realSF_n60_s1 rc=0 (806s)
[00:04:31] encg_LRU-Random_realSF_n60_s2 rc=0 (838s)
[00:06:26] encg_LRU-Random_realSF_n60_s3 rc=0 (903s)
[00:05:49] encg_LRU-Random_realSF_n60_s4 rc=0 (774s)
[00:08:42] encg_LRU-Random_realSF_n60_s5 rc=0 (845s)
[00:18:10] encg_Mobility-Greedy_realSF_n60_s1 rc=0 (819s)
[00:19:41] encg_Mobility-Greedy_realSF_n60_s2 rc=0 (831s)
[00:21:11] encg_Mobility-Greedy_realSF_n60_s3 rc=0 (885s)
[00:21:21] encg_Mobility-Greedy_realSF_n60_s4 rc=0 (759s)
[00:29:08] encg_Mobility-Greedy_realSF_n60_s5 rc=0 (658s)
done: encoder study complete
