25 jobs, 6 workers, 100 rounds, harsh-quality (full data, ungated)
[11:30:03] encq_Local_realSF_n60_s1 rc=0 (685s)
[11:29:56] encq_Local_realSF_n60_s2 rc=0 (678s)
[11:29:50] encq_Local_realSF_n60_s3 rc=0 (672s)
[11:29:40] encq_Local_realSF_n60_s4 rc=0 (662s)
[11:29:51] encq_Local_realSF_n60_s5 rc=0 (673s)
[11:31:15] encq_RECD_realSF_n60_s1 rc=0 (757s)
[11:42:04] encq_RECD_realSF_n60_s2 rc=0 (744s)
[11:42:04] encq_RECD_realSF_n60_s3 rc=0 (734s)
[11:41:49] encq_RECD_realSF_n60_s4 rc=0 (718s)
[11:42:13] encq_RECD_realSF_n60_s5 rc=0 (738s)
[11:42:14] encq_DFL-Gossip_realSF_n60_s1 rc=0 (731s)
[11:43:25] encq_DFL-Gossip_realSF_n60_s2 rc=0 (730s)
[11:54:09] encq_DFL-Gossip_realSF_n60_s3 rc=0 (740s)
[11:54:11] encq_DFL-Gossip_realSF_n60_s4 rc=0 (727s)
[11:54:22] encq_DFL-Gossip_realSF_n60_s5 rc=0 (738s)
[11:54:27] encq_LRU-Random_realSF_n60_s1 rc=0 (734s)
[11:54:20] encq_LRU-Random_realSF_n60_s2 rc=0 (726s)
[11:55:26] encq_LRU-Random_realSF_n60_s3 rc=0 (721s)
[12:05:42] encq_LRU-Random_realSF_n60_s4 rc=0 (693s)
[12:05:57] encq_LRU-Random_realSF_n60_s5 rc=0 (706s)
[12:06:58] encq_Mobility-Greedy_realSF_n60_s1 rc=0 (758s)
[12:07:02] encq_Mobility-Greedy_realSF_n60_s2 rc=0 (759s)
[12:07:00] encq_Mobility-Greedy_realSF_n60_s3 rc=0 (753s)
[12:07:30] encq_Mobility-Greedy_realSF_n60_s4 rc=0 (724s)
[12:14:05] encq_Mobility-Greedy_realSF_n60_s5 rc=0 (503s)
done: quality study complete
