25 jobs, 6 workers, 100 rounds, harsh-quality (full data, ungated)
[15:54:20] encq2_Local_realSF_n60_s1 rc=0 (686s)
[15:54:14] encq2_Local_realSF_n60_s2 rc=0 (680s)
[15:54:11] encq2_Local_realSF_n60_s3 rc=0 (676s)
[15:53:58] encq2_Local_realSF_n60_s4 rc=0 (664s)
[15:54:10] encq2_Local_realSF_n60_s5 rc=0 (675s)
[15:55:03] encq2_RECD_realSF_n60_s1 rc=0 (729s)
[16:05:50] encq2_RECD_realSF_n60_s2 rc=0 (712s)
[16:05:57] encq2_RECD_realSF_n60_s3 rc=0 (708s)
[16:05:46] encq2_RECD_realSF_n60_s4 rc=0 (696s)
[16:05:59] encq2_RECD_realSF_n60_s5 rc=0 (705s)
[16:06:01] encq2_DFL-Gossip_realSF_n60_s1 rc=0 (701s)
[16:06:37] encq2_DFL-Gossip_realSF_n60_s2 rc=0 (693s)
[16:17:23] encq2_DFL-Gossip_realSF_n60_s3 rc=0 (696s)
[16:17:21] encq2_DFL-Gossip_realSF_n60_s4 rc=0 (691s)
[16:17:39] encq2_DFL-Gossip_realSF_n60_s5 rc=0 (702s)
[16:17:46] encq2_LRU-Random_realSF_n60_s1 rc=0 (707s)
[16:17:40] encq2_LRU-Random_realSF_n60_s2 rc=0 (700s)
[16:18:11] encq2_LRU-Random_realSF_n60_s3 rc=0 (694s)
[16:28:35] encq2_LRU-Random_realSF_n60_s4 rc=0 (674s)
[16:28:49] encq2_LRU-Random_realSF_n60_s5 rc=0 (687s)
[16:29:57] encq2_Mobility-Greedy_realSF_n60_s1 rc=0 (738s)
[16:29:55] encq2_Mobility-Greedy_realSF_n60_s2 rc=0 (734s)
[16:29:55] encq2_Mobility-Greedy_realSF_n60_s3 rc=0 (729s)
[16:30:05] encq2_Mobility-Greedy_realSF_n60_s4 rc=0 (714s)
[16:36:21] encq2_Mobility-Greedy_realSF_n60_s5 rc=0 (466s)
done: quality study complete
