
=== density=low RECD seed=1 ===
[RECD] round 1/25 acc=0.2288 cov=0.341 succ=63/63 (5s)
[RECD] round 5/25 acc=0.4621 cov=0.736 succ=82/83 (16s)
[RECD] round 10/25 acc=0.5304 cov=0.899 succ=67/76 (29s)
[RECD] round 15/25 acc=0.5360 cov=0.953 succ=80/94 (42s)
[RECD] round 20/25 acc=0.5437 cov=0.977 succ=50/54 (56s)
[RECD] round 25/25 acc=0.5505 cov=0.984 succ=81/82 (70s)

=== density=low RECD seed=2 ===
[RECD] round 1/25 acc=0.2279 cov=0.343 succ=66/69 (4s)
[RECD] round 5/25 acc=0.4638 cov=0.746 succ=85/85 (15s)
[RECD] round 10/25 acc=0.5314 cov=0.881 succ=79/84 (29s)
[RECD] round 15/25 acc=0.5473 cov=0.948 succ=85/105 (44s)
[RECD] round 20/25 acc=0.5522 cov=0.970 succ=51/58 (58s)
[RECD] round 25/25 acc=0.5612 cov=0.985 succ=75/77 (73s)

=== density=low RECD seed=3 ===
[RECD] round 1/25 acc=0.2391 cov=0.309 succ=69/71 (4s)
[RECD] round 5/25 acc=0.4809 cov=0.691 succ=86/86 (16s)
[RECD] round 10/25 acc=0.5632 cov=0.860 succ=84/89 (30s)
[RECD] round 15/25 acc=0.5744 cov=0.949 succ=92/104 (44s)
[RECD] round 20/25 acc=0.5837 cov=0.971 succ=60/65 (59s)
[RECD] round 25/25 acc=0.5826 cov=0.993 succ=79/81 (72s)

=== density=low DFL-Gossip seed=1 ===
[DFL-Gossip] round 1/25 acc=0.2274 cov=0.574 succ=121/144 (4s)
[DFL-Gossip] round 5/25 acc=0.4468 cov=0.922 succ=118/148 (14s)
[DFL-Gossip] round 10/25 acc=0.5095 cov=1.000 succ=115/132 (27s)
[DFL-Gossip] round 15/25 acc=0.5302 cov=1.000 succ=109/137 (40s)
[DFL-Gossip] round 20/25 acc=0.5347 cov=1.000 succ=121/155 (52s)
[DFL-Gossip] round 25/25 acc=0.5494 cov=1.000 succ=127/156 (64s)

=== density=low DFL-Gossip seed=2 ===
[DFL-Gossip] round 1/25 acc=0.2141 cov=0.597 succ=128/153 (4s)
[DFL-Gossip] round 5/25 acc=0.4529 cov=0.910 succ=114/145 (15s)
[DFL-Gossip] round 10/25 acc=0.5246 cov=0.985 succ=120/132 (27s)
[DFL-Gossip] round 15/25 acc=0.5381 cov=0.993 succ=116/143 (40s)
[DFL-Gossip] round 20/25 acc=0.5520 cov=1.000 succ=109/161 (53s)
[DFL-Gossip] round 25/25 acc=0.5620 cov=1.000 succ=119/152 (66s)

=== density=low DFL-Gossip seed=3 ===
[DFL-Gossip] round 1/25 acc=0.2203 cov=0.610 succ=129/151 (4s)
[DFL-Gossip] round 5/25 acc=0.4642 cov=0.926 succ=123/157 (14s)
[DFL-Gossip] round 10/25 acc=0.5493 cov=0.985 succ=123/133 (27s)
[DFL-Gossip] round 15/25 acc=0.5692 cov=1.000 succ=121/149 (40s)
[DFL-Gossip] round 20/25 acc=0.5693 cov=1.000 succ=130/160 (53s)
[DFL-Gossip] round 25/25 acc=0.5825 cov=1.000 succ=123/151 (66s)

=== density=low LRU-Random seed=1 ===
[LRU-Random] round 1/25 acc=0.2269 cov=0.411 succ=95/114 (4s)
[LRU-Random] round 5/25 acc=0.4557 cov=0.899 succ=124/165 (13s)
